BPF Arena Data Structures Test Runner
============================================================
Found executable: skeleton_msqueue
Found executable: skeleton_vyukhov
Found executable: skeleton_folly_spsc
Found executable: skeleton_ck_fifo_spsc
Found executable: skeleton_ck_ring_spsc
Found executable: skeleton_ck_stack_upmc
Found executable: skeleton_io_uring
Found executable: skeleton_kcov

Found 8 executable(s)
CPU count: 4

============================================================
Running: build/skeleton_msqueue for 10 seconds
Spawning 1 concurrent touch processes on separate cores
============================================================
All 1 worker processes ready on separate cores
Signaled all workers to start creating files continuously
  Trace validation PASSED: 892 consumed events matched initial touch input PIDs
  Trace output file: build/skeleton_msqueue_trace_pipe.log

Results for build/skeleton_msqueue:
  Return code: 0
  Elapsed time: 10.34 seconds
  STDOUT:
Loading BPF program for integrated MSQueue relay...
Arena alloc range: base=0x100000001000 size=3996 KB
MainThread: attached. Trigger inode_create events in another shell.
Press Ctrl+C to stop and invoke kernel consumer trigger.
UserThread: waiting for MSQueueKU initialization...
UserThread: relay loop started (KU -> UK)
MainThread: triggering kernel consumer uprobe...
MainThread: consume triggers=892 consumed=892 target=892

============================================================
                         STATISTICS                         
============================================================
Kernel producer (inode_create -> KU):
  ops=892 failures=0
Kernel consumer (uprobe pop from UK):
  ops=892 failures=0 consumed=892
Userspace relay:
  KU popped=892 UK pushed=892
Queue states:
  KU count=0
  UK count=0
============================================================
              PERFORMANCE METRICS: MSQueue
============================================================
Category               Total   Success  Rate%   Avg(ns)  Avg-OK(ns)  Throughput
LKMM producer            892       892 100.0%       122         122     8152596
User consumer        167779433       892   0.0%        20         226    49024492
User producer            892       892 100.0%       191         191     5232162
LKMM consumer            892       892 100.0%       118         118     8452732
============================================================
============================================================



============================================================
Running: build/skeleton_vyukhov for 10 seconds
Spawning 1 concurrent touch processes on separate cores
============================================================
All 1 worker processes ready on separate cores
Signaled all workers to start creating files continuously
  Trace validation PASSED: 128 consumed events matched initial touch input PIDs
  Trace output file: build/skeleton_vyukhov_trace_pipe.log

Results for build/skeleton_vyukhov:
  Return code: 0
  Elapsed time: 10.20 seconds
  STDOUT:
Loading BPF program for Vyukhov relay...
Arena alloc range: base=0x100000001000 size=3996 KB
MainThread: attached. Trigger inode_create events in another shell.
Press Ctrl+C to stop and invoke kernel consumer trigger.
UserThread: waiting for VyukhovKU initialization...
UserThread: relay loop started (KU -> UK)
MainThread: triggering kernel consumer uprobe...
MainThread: consume triggers=128 consumed=128 target=128

============================================================
                   VYUKHOV RELAY STATISTICS                 
============================================================
Kernel producer (inode_create -> KU):
  ops=891 failures=0
Kernel consumer (uprobe pop from UK):
  ops=128 failures=0 consumed=128
Userspace relay:
  KU popped=891 UK pushed=128
Queue states:
  KU count=0
  UK count=0
============================================================
              PERFORMANCE METRICS: Vyukhov MPMC
============================================================
Category               Total   Success  Rate%   Avg(ns)  Avg-OK(ns)  Throughput
LKMM producer            891       891 100.0%       125         125     7954149
User consumer        158857283       891   0.0%        23         146    42105138
User producer            891       128  14.4%       177         210     5622231
LKMM consumer            128       128 100.0%        32          32    31007751
============================================================
============================================================



============================================================
Running: build/skeleton_folly_spsc for 10 seconds
Spawning 1 concurrent touch processes on separate cores
============================================================
All 1 worker processes ready on separate cores
Signaled all workers to start creating files continuously
  Trace validation PASSED: 127 consumed events matched initial touch input PIDs
  Trace output file: build/skeleton_folly_spsc_trace_pipe.log

Results for build/skeleton_folly_spsc:
  Return code: 0
  Elapsed time: 10.19 seconds
  STDOUT:
Loading BPF program for Folly SPSC relay...
Arena alloc range: base=0x100000001000 size=3996 KB
MainThread: attached. Trigger inode_create events in another shell.
Press Ctrl+C to stop and invoke kernel consumer trigger.
UserThread: waiting for FollySPSCKU initialization...
UserThread: relay loop started (KU -> UK)
MainThread: triggering kernel consumer uprobe...
MainThread: consume triggers=127 consumed=127 target=127

============================================================
                 FOLLY SPSC RELAY STATISTICS                
============================================================
Kernel producer (inode_create -> KU):
  ops=892 failures=0
Kernel consumer (uprobe pop from UK):
  ops=127 failures=0 consumed=127
Userspace relay:
  KU popped=892 UK pushed=127
Queue states:
  KU size=0
  UK size=0
============================================================
              PERFORMANCE METRICS: Folly SPSC
============================================================
Category               Total   Success  Rate%   Avg(ns)  Avg-OK(ns)  Throughput
LKMM producer            892       892 100.0%        77          77    12884959
User consumer        177415721       892   0.0%        17         114    56329775
User producer            892       127  14.2%        72          87    13881324
LKMM consumer            127       127 100.0%        22          22    43657614
============================================================
============================================================



============================================================
Running: build/skeleton_ck_fifo_spsc for 10 seconds
Spawning 1 concurrent touch processes on separate cores
============================================================
All 1 worker processes ready on separate cores
Signaled all workers to start creating files continuously
  Trace validation PASSED: 895 consumed events matched initial touch input PIDs
  Trace output file: build/skeleton_ck_fifo_spsc_trace_pipe.log

Results for build/skeleton_ck_fifo_spsc:
  Return code: 0
  Elapsed time: 10.21 seconds
  STDOUT:
Loading BPF program for CK FIFO SPSC relay...
Arena alloc range: base=0x100000001000 size=3996 KB
MainThread: attached. Trigger inode_create events in another shell.
Press Ctrl+C to stop and invoke kernel consumer trigger.
UserThread: waiting for CKFifoSPSCKU initialization...
UserThread: relay loop started (KU -> UK)
MainThread: triggering kernel consumer uprobe...
MainThread: consume triggers=895 consumed=895 target=895

============================================================
                CK FIFO SPSC RELAY STATISTICS               
============================================================
Kernel producer (inode_create -> KU):
  ops=895 failures=0
Kernel consumer (uprobe pop from UK):
  ops=895 failures=0 consumed=895
Userspace relay:
  KU popped=895 UK pushed=895
Queue states:
  KU empty=yes
  UK empty=yes
============================================================
              PERFORMANCE METRICS: CK FIFO SPSC
============================================================
Category               Total   Success  Rate%   Avg(ns)  Avg-OK(ns)  Throughput
LKMM producer            895       895 100.0%        63          63    15821386
User consumer        152476831       895   0.0%        25         126    39429749
User producer            895       895 100.0%       137         137     7252307
LKMM consumer            895       895 100.0%        24          24    40534420
============================================================
============================================================



============================================================
Running: build/skeleton_ck_ring_spsc for 10 seconds
Spawning 1 concurrent touch processes on separate cores
============================================================
All 1 worker processes ready on separate cores
Signaled all workers to start creating files continuously
  Trace validation PASSED: 127 consumed events matched initial touch input PIDs
  Trace output file: build/skeleton_ck_ring_spsc_trace_pipe.log

Results for build/skeleton_ck_ring_spsc:
  Return code: 0
  Elapsed time: 10.20 seconds
  STDOUT:
Loading BPF program for CK ring SPSC relay...
Arena alloc range: base=0x100000001000 size=3996 KB
MainThread: attached. Trigger inode_create events in another shell.
Press Ctrl+C to stop and invoke kernel consumer trigger.
UserThread: waiting for CKRingSPSCKU initialization...
UserThread: relay loop started (KU -> UK)
MainThread: triggering kernel consumer uprobe...
MainThread: consume triggers=127 consumed=127 target=127

============================================================
                CK RING SPSC RELAY STATISTICS               
============================================================
Kernel producer (inode_create -> KU):
  ops=893 failures=0
Kernel consumer (uprobe pop from UK):
  ops=127 failures=0 consumed=127
Userspace relay:
  KU popped=893 UK pushed=127
Queue states:
  KU size=0
  UK size=0
============================================================
              PERFORMANCE METRICS: CK Ring SPSC
============================================================
Category               Total   Success  Rate%   Avg(ns)  Avg-OK(ns)  Throughput
LKMM producer            893       893 100.0%        37          37    26497730
User consumer        162684332       893   0.0%        22         102    44067062
User producer            893       127  14.2%        91          97    10987523
LKMM consumer            127       127 100.0%        24          24    40355894
============================================================
============================================================



============================================================
Running: build/skeleton_ck_stack_upmc for 10 seconds
Spawning 1 concurrent touch processes on separate cores
============================================================
All 1 worker processes ready on separate cores
Signaled all workers to start creating files continuously
  Trace validation FAILED: 1 consumed keys were not in initial touch inputs
    Unexpected keys and counts: {720: 1}

Results for build/skeleton_ck_stack_upmc:
  Return code: 0
  Elapsed time: 10.32 seconds
  STDOUT:
Loading BPF program for CK stack UPMC relay...
Arena alloc range: base=0x100000001000 size=3996 KB
MainThread: attached. Trigger inode_create events in another shell.
Press Ctrl+C to stop and invoke kernel consumer trigger.
UserThread: waiting for CKStackUPMCKU initialization...
UserThread: relay loop started (KU -> UK)
MainThread: triggering kernel consumer uprobe...
MainThread: consume triggers=896 consumed=896 target=896

============================================================
                CK STACK UPMC RELAY STATISTICS              
============================================================
Kernel producer (inode_create -> KU):
  ops=896 failures=0
Kernel consumer (uprobe pop from UK):
  ops=896 failures=0 consumed=896
Userspace relay:
  KU popped=896 UK pushed=896
Stack states:
  KU count=0
  UK count=0
============================================================
              PERFORMANCE METRICS: CK Stack UPMC
============================================================
Category               Total   Success  Rate%   Avg(ns)  Avg-OK(ns)  Throughput
LKMM producer            896       896 100.0%       181         181     5503854
User consumer        172903428       896   0.0%        19         120    51789724
User producer            896       896 100.0%       133         133     7473392
LKMM consumer            896       896 100.0%        36          36    27299594
============================================================
============================================================



============================================================
Running: build/skeleton_io_uring for 10 seconds
Spawning 1 concurrent touch processes on separate cores
============================================================
All 1 worker processes ready on separate cores
Signaled all workers to start creating files continuously
  Trace validation PASSED: 128 consumed events matched initial touch input PIDs
  Trace output file: build/skeleton_io_uring_trace_pipe.log

Results for build/skeleton_io_uring:
  Return code: 0
  Elapsed time: 10.29 seconds
  STDOUT:
Loading BPF program for IO_URING relay...
Arena alloc range: base=0x100000001000 size=3996 KB
MainThread: attached. Trigger inode_create events in another shell.
Press Ctrl+C to stop and invoke kernel consumer trigger.
UserThread: waiting for IO_URING KU initialization...
UserThread: relay loop started (KU -> UK)
MainThread: triggering kernel consumer uprobe...
MainThread: consume triggers=128 consumed=128 target=128

============================================================
                  IO_URING RELAY STATISTICS                 
============================================================
Kernel producer (inode_create -> KU):
  ops=895 failures=0
Kernel consumer (uprobe pop from UK):
  ops=128 failures=0 consumed=128
Userspace relay:
  KU popped=895 UK pushed=128
Queue states:
  KU size=0
  UK size=0
============================================================
              PERFORMANCE METRICS: IO_URING Ring
============================================================
Category               Total   Success  Rate%   Avg(ns)  Avg-OK(ns)  Throughput
LKMM producer            895       895 100.0%        56          56    17560037
User consumer        176496993       895   0.0%        17         109    56984664
User producer            895       128  14.3%       110         131     9044149
LKMM consumer            128       128 100.0%        22          22    45454545
============================================================
============================================================



============================================================
Running: build/skeleton_kcov for 10 seconds
Spawning 1 concurrent touch processes on separate cores
============================================================
All 1 worker processes ready on separate cores
Signaled all workers to start creating files continuously
  Trace validation PASSED: 254 consumed events matched initial touch input PIDs
  Trace output file: build/skeleton_kcov_trace_pipe.log

Results for build/skeleton_kcov:
  Return code: 0
  Elapsed time: 10.22 seconds
  STDOUT:
Loading BPF program for KCOV relay...
Arena alloc range: base=0x100000001000 size=3996 KB
MainThread: attached. Trigger inode_create events in another shell.
Press Ctrl+C to stop and invoke kernel consumer trigger.
UserThread: waiting for KCOV KU initialization...
UserThread: relay loop started (KU -> UK)
MainThread: triggering kernel consumer uprobe...
MainThread: consume triggers=254 consumed=254 target=254

============================================================
                   KCOV RELAY STATISTICS                    
============================================================
Kernel producer (inode_create -> KU):
  ops=895 failures=0
Kernel consumer (uprobe pop from UK):
  ops=254 failures=0 consumed=254
Userspace relay:
  KU popped=895 UK pushed=254
Buffer states:
  KU current entries: (see area[0])
  UK current entries: (see area[0])
============================================================
              PERFORMANCE METRICS: KCOV Buffer
============================================================
Category               Total   Success  Rate%   Avg(ns)  Avg-OK(ns)  Throughput
LKMM producer            895       895 100.0%        46          46    21386413
User consumer        171999552       895   0.0%        19          86    52306490
User producer            895       254  28.4%        97         105    10228454
LKMM consumer            254       254 100.0%        22          22    44097222
============================================================
============================================================



============================================================
SUMMARY
============================================================
build/skeleton_msqueue:
  Success: Yes
  Trace match: Yes
  Time: 10.34s
  Workers: 1
build/skeleton_vyukhov:
  Success: Yes
  Trace match: Yes
  Time: 10.20s
  Workers: 1
build/skeleton_folly_spsc:
  Success: Yes
  Trace match: Yes
  Time: 10.19s
  Workers: 1
build/skeleton_ck_fifo_spsc:
  Success: Yes
  Trace match: Yes
  Time: 10.21s
  Workers: 1
build/skeleton_ck_ring_spsc:
  Success: Yes
  Trace match: Yes
  Time: 10.20s
  Workers: 1
build/skeleton_ck_stack_upmc:
  Success: Yes
  Trace match: No
  Time: 10.32s
  Workers: 1
build/skeleton_io_uring:
  Success: Yes
  Trace match: Yes
  Time: 10.29s
  Workers: 1
build/skeleton_kcov:
  Success: Yes
  Trace match: Yes
  Time: 10.22s
  Workers: 1
