========================================================================
  BPF Arena Data Structures - Benchmark Suite
========================================================================
  Executables : skeleton_msqueue, skeleton_vyukhov, skeleton_folly_spsc, skeleton_ck_fifo_spsc, skeleton_ck_ring_spsc, skeleton_ck_stack_upmc, skeleton_io_uring, skeleton_kcov
  Batch sizes : [1, 2, 4, 8, 16, 32, 64, 128, 256]
  Runs/config : 10
  Duration(s) : 10 (skeleton programs)
  CPU count   : 4
========================================================================

  [1/720] skeleton_msqueue  batch=1  run=1/10
  [6/720] skeleton_msqueue  batch=1  run=6/10
  skeleton_msqueue  batch=  1  median_tput=           0 msg/s  p50=0.0us  p99=0.0us
  [11/720] skeleton_msqueue  batch=2  run=1/10
  [16/720] skeleton_msqueue  batch=2  run=6/10
  skeleton_msqueue  batch=  2  median_tput=           0 msg/s  p50=0.0us  p99=0.0us
  [21/720] skeleton_msqueue  batch=4  run=1/10
  [26/720] skeleton_msqueue  batch=4  run=6/10
  skeleton_msqueue  batch=  4  median_tput=           0 msg/s  p50=0.0us  p99=0.0us
  [31/720] skeleton_msqueue  batch=8  run=1/10
  [36/720] skeleton_msqueue  batch=8  run=6/10
  skeleton_msqueue  batch=  8  median_tput=           0 msg/s  p50=0.0us  p99=0.0us
  [41/720] skeleton_msqueue  batch=16  run=1/10
  [46/720] skeleton_msqueue  batch=16  run=6/10
  skeleton_msqueue  batch= 16  median_tput=           0 msg/s  p50=0.0us  p99=0.0us
  [51/720] skeleton_msqueue  batch=32  run=1/10
  [56/720] skeleton_msqueue  batch=32  run=6/10
  skeleton_msqueue  batch= 32  median_tput=           0 msg/s  p50=0.0us  p99=0.0us
  [61/720] skeleton_msqueue  batch=64  run=1/10
  [66/720] skeleton_msqueue  batch=64  run=6/10
  skeleton_msqueue  batch= 64  median_tput=           0 msg/s  p50=0.0us  p99=0.0us
  [71/720] skeleton_msqueue  batch=128  run=1/10
  [76/720] skeleton_msqueue  batch=128  run=6/10
  skeleton_msqueue  batch=128  median_tput=           0 msg/s  p50=0.0us  p99=0.0us
  [81/720] skeleton_msqueue  batch=256  run=1/10
  [86/720] skeleton_msqueue  batch=256  run=6/10
  skeleton_msqueue  batch=256  median_tput=           0 msg/s  p50=0.0us  p99=0.0us
  [91/720] skeleton_vyukhov  batch=1  run=1/10
  [96/720] skeleton_vyukhov  batch=1  run=6/10
  skeleton_vyukhov  batch=  1  median_tput=         460 msg/s  p50=8864633.5us  p99=8864633.5us
  [101/720] skeleton_vyukhov  batch=2  run=1/10
  [106/720] skeleton_vyukhov  batch=2  run=6/10
  skeleton_vyukhov  batch=  2  median_tput=         485 msg/s  p50=8923227.7us  p99=8923227.7us
  [111/720] skeleton_vyukhov  batch=4  run=1/10
  [116/720] skeleton_vyukhov  batch=4  run=6/10
  skeleton_vyukhov  batch=  4  median_tput=         505 msg/s  p50=8954550.3us  p99=8954550.3us
  [121/720] skeleton_vyukhov  batch=8  run=1/10
  [126/720] skeleton_vyukhov  batch=8  run=6/10
  skeleton_vyukhov  batch=  8  median_tput=         514 msg/s  p50=8976118.2us  p99=8976118.2us
  [131/720] skeleton_vyukhov  batch=16  run=1/10
  [136/720] skeleton_vyukhov  batch=16  run=6/10
  skeleton_vyukhov  batch= 16  median_tput=         519 msg/s  p50=8982140.8us  p99=8982140.8us
  [141/720] skeleton_vyukhov  batch=32  run=1/10
  [146/720] skeleton_vyukhov  batch=32  run=6/10
  skeleton_vyukhov  batch= 32  median_tput=         516 msg/s  p50=8993405.0us  p99=8993405.0us
  [151/720] skeleton_vyukhov  batch=64  run=1/10
  [156/720] skeleton_vyukhov  batch=64  run=6/10
  skeleton_vyukhov  batch= 64  median_tput=         521 msg/s  p50=8993650.5us  p99=8993650.5us
  [161/720] skeleton_vyukhov  batch=128  run=1/10
  [166/720] skeleton_vyukhov  batch=128  run=6/10
  skeleton_vyukhov  batch=128  median_tput=         518 msg/s  p50=8996449.2us  p99=8996449.2us
  [171/720] skeleton_vyukhov  batch=256  run=1/10
  [176/720] skeleton_vyukhov  batch=256  run=6/10
  skeleton_vyukhov  batch=256  median_tput=         519 msg/s  p50=8996825.9us  p99=8996825.9us
  [181/720] skeleton_folly_spsc  batch=1  run=1/10
  [186/720] skeleton_folly_spsc  batch=1  run=6/10
  skeleton_folly_spsc  batch=  1  median_tput=         461 msg/s  p50=8885786.2us  p99=8885786.2us
  [191/720] skeleton_folly_spsc  batch=2  run=1/10
  [196/720] skeleton_folly_spsc  batch=2  run=6/10
  skeleton_folly_spsc  batch=  2  median_tput=         486 msg/s  p50=8945200.5us  p99=8945200.5us
  [201/720] skeleton_folly_spsc  batch=4  run=1/10
  [206/720] skeleton_folly_spsc  batch=4  run=6/10
  skeleton_folly_spsc  batch=  4  median_tput=         507 msg/s  p50=8975946.8us  p99=8975946.8us
  [211/720] skeleton_folly_spsc  batch=8  run=1/10
  [216/720] skeleton_folly_spsc  batch=8  run=6/10
  skeleton_folly_spsc  batch=  8  median_tput=         515 msg/s  p50=9000047.2us  p99=9000047.2us
  [221/720] skeleton_folly_spsc  batch=16  run=1/10
  [226/720] skeleton_folly_spsc  batch=16  run=6/10
  skeleton_folly_spsc  batch= 16  median_tput=         520 msg/s  p50=9008410.3us  p99=9008410.3us
  [231/720] skeleton_folly_spsc  batch=32  run=1/10
  [236/720] skeleton_folly_spsc  batch=32  run=6/10
  skeleton_folly_spsc  batch= 32  median_tput=         518 msg/s  p50=9012416.8us  p99=9012416.8us
  [241/720] skeleton_folly_spsc  batch=64  run=1/10
  [246/720] skeleton_folly_spsc  batch=64  run=6/10
  skeleton_folly_spsc  batch= 64  median_tput=         525 msg/s  p50=9017009.0us  p99=9017009.0us
  [251/720] skeleton_folly_spsc  batch=128  run=1/10
  [256/720] skeleton_folly_spsc  batch=128  run=6/10
  skeleton_folly_spsc  batch=128  median_tput=         523 msg/s  p50=9017646.4us  p99=9017646.4us
  [261/720] skeleton_folly_spsc  batch=256  run=1/10
  [266/720] skeleton_folly_spsc  batch=256  run=6/10
  skeleton_folly_spsc  batch=256  median_tput=         522 msg/s  p50=9037504.8us  p99=9037504.8us
  [271/720] skeleton_ck_fifo_spsc  batch=1  run=1/10
  [276/720] skeleton_ck_fifo_spsc  batch=1  run=6/10
  skeleton_ck_fifo_spsc  batch=  1  median_tput=         462 msg/s  p50=6209.8us  p99=6209.8us
  [281/720] skeleton_ck_fifo_spsc  batch=2  run=1/10
  [286/720] skeleton_ck_fifo_spsc  batch=2  run=6/10
  skeleton_ck_fifo_spsc  batch=  2  median_tput=         486 msg/s  p50=972259840924.8us  p99=972259840924.8us
  [291/720] skeleton_ck_fifo_spsc  batch=4  run=1/10
  [296/720] skeleton_ck_fifo_spsc  batch=4  run=6/10
  skeleton_ck_fifo_spsc  batch=  4  median_tput=         504 msg/s  p50=6109.7us  p99=6109.7us
  [301/720] skeleton_ck_fifo_spsc  batch=8  run=1/10
  [306/720] skeleton_ck_fifo_spsc  batch=8  run=6/10
  skeleton_ck_fifo_spsc  batch=  8  median_tput=         512 msg/s  p50=7297639.6us  p99=7297639.6us
  [311/720] skeleton_ck_fifo_spsc  batch=16  run=1/10
  [316/720] skeleton_ck_fifo_spsc  batch=16  run=6/10
  skeleton_ck_fifo_spsc  batch= 16  median_tput=         520 msg/s  p50=6218.4us  p99=6218.4us
  [321/720] skeleton_ck_fifo_spsc  batch=32  run=1/10
  [326/720] skeleton_ck_fifo_spsc  batch=32  run=6/10
  skeleton_ck_fifo_spsc  batch= 32  median_tput=         518 msg/s  p50=7211825.0us  p99=7211825.0us
  [331/720] skeleton_ck_fifo_spsc  batch=64  run=1/10
  [336/720] skeleton_ck_fifo_spsc  batch=64  run=6/10
  skeleton_ck_fifo_spsc  batch= 64  median_tput=           0 msg/s  p50=0.0us  p99=0.0us
  [341/720] skeleton_ck_fifo_spsc  batch=128  run=1/10
  [346/720] skeleton_ck_fifo_spsc  batch=128  run=6/10
  skeleton_ck_fifo_spsc  batch=128  median_tput=           0 msg/s  p50=0.0us  p99=0.0us
  [351/720] skeleton_ck_fifo_spsc  batch=256  run=1/10
  [356/720] skeleton_ck_fifo_spsc  batch=256  run=6/10
  skeleton_ck_fifo_spsc  batch=256  median_tput=         521 msg/s  p50=7435965.1us  p99=7435965.1us
  [361/720] skeleton_ck_ring_spsc  batch=1  run=1/10
  [366/720] skeleton_ck_ring_spsc  batch=1  run=6/10
  skeleton_ck_ring_spsc  batch=  1  median_tput=         460 msg/s  p50=8885675.5us  p99=8885675.5us
  [371/720] skeleton_ck_ring_spsc  batch=2  run=1/10
  [376/720] skeleton_ck_ring_spsc  batch=2  run=6/10
  skeleton_ck_ring_spsc  batch=  2  median_tput=         486 msg/s  p50=8943942.8us  p99=8943942.8us
  [381/720] skeleton_ck_ring_spsc  batch=4  run=1/10
  [386/720] skeleton_ck_ring_spsc  batch=4  run=6/10
  skeleton_ck_ring_spsc  batch=  4  median_tput=         506 msg/s  p50=8977173.9us  p99=8977173.9us
  [391/720] skeleton_ck_ring_spsc  batch=8  run=1/10
  [396/720] skeleton_ck_ring_spsc  batch=8  run=6/10
  skeleton_ck_ring_spsc  batch=  8  median_tput=         511 msg/s  p50=8997961.1us  p99=8997961.1us
  [401/720] skeleton_ck_ring_spsc  batch=16  run=1/10
  [406/720] skeleton_ck_ring_spsc  batch=16  run=6/10
  skeleton_ck_ring_spsc  batch= 16  median_tput=         516 msg/s  p50=9010423.8us  p99=9010423.8us
  [411/720] skeleton_ck_ring_spsc  batch=32  run=1/10
  [416/720] skeleton_ck_ring_spsc  batch=32  run=6/10
  skeleton_ck_ring_spsc  batch= 32  median_tput=         518 msg/s  p50=9012983.8us  p99=9012983.8us
  [421/720] skeleton_ck_ring_spsc  batch=64  run=1/10
  [426/720] skeleton_ck_ring_spsc  batch=64  run=6/10
  skeleton_ck_ring_spsc  batch= 64  median_tput=         526 msg/s  p50=9015921.9us  p99=9015921.9us
  [431/720] skeleton_ck_ring_spsc  batch=128  run=1/10
  [436/720] skeleton_ck_ring_spsc  batch=128  run=6/10
  skeleton_ck_ring_spsc  batch=128  median_tput=         520 msg/s  p50=9019857.3us  p99=9019857.3us
  [441/720] skeleton_ck_ring_spsc  batch=256  run=1/10
  [446/720] skeleton_ck_ring_spsc  batch=256  run=6/10
  skeleton_ck_ring_spsc  batch=256  median_tput=         522 msg/s  p50=9032337.5us  p99=9032337.5us
  [451/720] skeleton_ck_stack_upmc  batch=1  run=1/10
  [456/720] skeleton_ck_stack_upmc  batch=1  run=6/10
  skeleton_ck_stack_upmc  batch=  1  median_tput=         461 msg/s  p50=9974643.9us  p99=9974643.9us
  [461/720] skeleton_ck_stack_upmc  batch=2  run=1/10
  [466/720] skeleton_ck_stack_upmc  batch=2  run=6/10
  skeleton_ck_stack_upmc  batch=  2  median_tput=         486 msg/s  p50=9971799.5us  p99=9971799.5us
  [471/720] skeleton_ck_stack_upmc  batch=4  run=1/10
  [476/720] skeleton_ck_stack_upmc  batch=4  run=6/10
  skeleton_ck_stack_upmc  batch=  4  median_tput=         505 msg/s  p50=9972832.2us  p99=9972832.2us
  [481/720] skeleton_ck_stack_upmc  batch=8  run=1/10
  [486/720] skeleton_ck_stack_upmc  batch=8  run=6/10
  skeleton_ck_stack_upmc  batch=  8  median_tput=         510 msg/s  p50=9967221.7us  p99=9967221.7us
  [491/720] skeleton_ck_stack_upmc  batch=16  run=1/10
  [496/720] skeleton_ck_stack_upmc  batch=16  run=6/10
  skeleton_ck_stack_upmc  batch= 16  median_tput=         519 msg/s  p50=974466673109.1us  p99=974466673109.1us
  [501/720] skeleton_ck_stack_upmc  batch=32  run=1/10
  [506/720] skeleton_ck_stack_upmc  batch=32  run=6/10
  skeleton_ck_stack_upmc  batch= 32  median_tput=         518 msg/s  p50=974570696689.1us  p99=974570696689.1us
  [511/720] skeleton_ck_stack_upmc  batch=64  run=1/10
  [516/720] skeleton_ck_stack_upmc  batch=64  run=6/10
  skeleton_ck_stack_upmc  batch= 64  median_tput=         526 msg/s  p50=974674964469.1us  p99=974674964469.1us
  [521/720] skeleton_ck_stack_upmc  batch=128  run=1/10
  [526/720] skeleton_ck_stack_upmc  batch=128  run=6/10
  skeleton_ck_stack_upmc  batch=128  median_tput=         521 msg/s  p50=974779846564.9us  p99=974779846564.9us
  [531/720] skeleton_ck_stack_upmc  batch=256  run=1/10
  [536/720] skeleton_ck_stack_upmc  batch=256  run=6/10
  skeleton_ck_stack_upmc  batch=256  median_tput=         521 msg/s  p50=974886000651.0us  p99=974886000651.0us
  [541/720] skeleton_io_uring  batch=1  run=1/10
  [546/720] skeleton_io_uring  batch=1  run=6/10
  skeleton_io_uring  batch=  1  median_tput=         461 msg/s  p50=8885721.9us  p99=8885721.9us
  [551/720] skeleton_io_uring  batch=2  run=1/10
  [556/720] skeleton_io_uring  batch=2  run=6/10
  skeleton_io_uring  batch=  2  median_tput=         486 msg/s  p50=8945272.1us  p99=8945272.1us
  [561/720] skeleton_io_uring  batch=4  run=1/10
  [566/720] skeleton_io_uring  batch=4  run=6/10
  skeleton_io_uring  batch=  4  median_tput=         504 msg/s  p50=8976865.4us  p99=8976865.4us
  [571/720] skeleton_io_uring  batch=8  run=1/10
  [576/720] skeleton_io_uring  batch=8  run=6/10
  skeleton_io_uring  batch=  8  median_tput=         512 msg/s  p50=8999968.7us  p99=8999968.7us
  [581/720] skeleton_io_uring  batch=16  run=1/10
  [586/720] skeleton_io_uring  batch=16  run=6/10
  skeleton_io_uring  batch= 16  median_tput=         517 msg/s  p50=9008142.7us  p99=9008142.7us
  [591/720] skeleton_io_uring  batch=32  run=1/10
  [596/720] skeleton_io_uring  batch=32  run=6/10
  skeleton_io_uring  batch= 32  median_tput=         518 msg/s  p50=9011162.9us  p99=9011162.9us
  [601/720] skeleton_io_uring  batch=64  run=1/10
  [606/720] skeleton_io_uring  batch=64  run=6/10
  skeleton_io_uring  batch= 64  median_tput=         526 msg/s  p50=9016468.1us  p99=9016468.1us
  [611/720] skeleton_io_uring  batch=128  run=1/10
  [616/720] skeleton_io_uring  batch=128  run=6/10
  skeleton_io_uring  batch=128  median_tput=         521 msg/s  p50=9020200.3us  p99=9020200.3us
  [621/720] skeleton_io_uring  batch=256  run=1/10
  [626/720] skeleton_io_uring  batch=256  run=6/10
  skeleton_io_uring  batch=256  median_tput=         521 msg/s  p50=9020196.4us  p99=9020196.4us
  [631/720] skeleton_kcov  batch=1  run=1/10
  [636/720] skeleton_kcov  batch=1  run=6/10
  skeleton_kcov  batch=  1  median_tput=         464 msg/s  p50=9967962.6us  p99=9967962.6us
  [641/720] skeleton_kcov  batch=2  run=1/10
  [646/720] skeleton_kcov  batch=2  run=6/10
  skeleton_kcov  batch=  2  median_tput=         488 msg/s  p50=9968224.2us  p99=9968224.2us
  [651/720] skeleton_kcov  batch=4  run=1/10
  [656/720] skeleton_kcov  batch=4  run=6/10
  skeleton_kcov  batch=  4  median_tput=         501 msg/s  p50=9965967.3us  p99=9965967.3us
  [661/720] skeleton_kcov  batch=8  run=1/10
  [666/720] skeleton_kcov  batch=8  run=6/10
  skeleton_kcov  batch=  8  median_tput=         515 msg/s  p50=9965418.9us  p99=9965418.9us
  [671/720] skeleton_kcov  batch=16  run=1/10
  [676/720] skeleton_kcov  batch=16  run=6/10
  skeleton_kcov  batch= 16  median_tput=         517 msg/s  p50=9968266.3us  p99=9968266.3us
  [681/720] skeleton_kcov  batch=32  run=1/10
  [686/720] skeleton_kcov  batch=32  run=6/10
  skeleton_kcov  batch= 32  median_tput=         518 msg/s  p50=9967405.6us  p99=9967405.6us
  [691/720] skeleton_kcov  batch=64  run=1/10
  [696/720] skeleton_kcov  batch=64  run=6/10
  skeleton_kcov  batch= 64  median_tput=         526 msg/s  p50=9968079.5us  p99=9968079.5us
  [701/720] skeleton_kcov  batch=128  run=1/10
  [706/720] skeleton_kcov  batch=128  run=6/10
  skeleton_kcov  batch=128  median_tput=         523 msg/s  p50=9966629.3us  p99=9966629.3us
  [711/720] skeleton_kcov  batch=256  run=1/10
  [716/720] skeleton_kcov  batch=256  run=6/10
  skeleton_kcov  batch=256  median_tput=         521 msg/s  p50=9973740.0us  p99=9973740.0us

============================================================================================
              BENCHMARK RESULTS
============================================================================================
Executable                       Batch Runs   Med Tput (msg/s)   Med p50 (us)   Med p99 (us)
--------------------------------------------------------------------------------------------
skeleton_ck_fifo_spsc                1   10                462        6209.75        6209.75
skeleton_ck_fifo_spsc                2   10                486 972259840924.84 972259840924.84
skeleton_ck_fifo_spsc                4   10                504        6109.74        6109.74
skeleton_ck_fifo_spsc                8   10                512     7297639.60     7297639.60
skeleton_ck_fifo_spsc               16   10                520        6218.41        6218.41
skeleton_ck_fifo_spsc               32   10                518     7211824.98     7211824.98
skeleton_ck_fifo_spsc               64   10                  0           0.00           0.00
skeleton_ck_fifo_spsc              128   10                  0           0.00           0.00
skeleton_ck_fifo_spsc              256   10                521     7435965.13     7435965.13
skeleton_ck_ring_spsc                1   10                460     8885675.51     8885675.51
skeleton_ck_ring_spsc                2   10                486     8943942.77     8943942.77
skeleton_ck_ring_spsc                4   10                506     8977173.92     8977173.92
skeleton_ck_ring_spsc                8   10                511     8997961.08     8997961.08
skeleton_ck_ring_spsc               16   10                516     9010423.82     9010423.82
skeleton_ck_ring_spsc               32   10                518     9012983.75     9012983.75
skeleton_ck_ring_spsc               64   10                526     9015921.89     9015921.89
skeleton_ck_ring_spsc              128   10                520     9019857.33     9019857.33
skeleton_ck_ring_spsc              256   10                522     9032337.47     9032337.47
skeleton_ck_stack_upmc               1   10                461     9974643.88     9974643.88
skeleton_ck_stack_upmc               2   10                486     9971799.51     9971799.51
skeleton_ck_stack_upmc               4   10                505     9972832.21     9972832.21
skeleton_ck_stack_upmc               8   10                510     9967221.72     9967221.72
skeleton_ck_stack_upmc              16   10                519 974466673109.05 974466673109.05
skeleton_ck_stack_upmc              32   10                518 974570696689.10 974570696689.10
skeleton_ck_stack_upmc              64   10                526 974674964469.05 974674964469.05
skeleton_ck_stack_upmc             128   10                521 974779846564.91 974779846564.91
skeleton_ck_stack_upmc             256   10                521 974886000650.99 974886000650.99
skeleton_folly_spsc                  1   10                461     8885786.22     8885786.22
skeleton_folly_spsc                  2   10                486     8945200.46     8945200.46
skeleton_folly_spsc                  4   10                507     8975946.76     8975946.76
skeleton_folly_spsc                  8   10                515     9000047.23     9000047.23
skeleton_folly_spsc                 16   10                520     9008410.34     9008410.34
skeleton_folly_spsc                 32   10                518     9012416.83     9012416.83
skeleton_folly_spsc                 64   10                525     9017009.04     9017009.04
skeleton_folly_spsc                128   10                523     9017646.42     9017646.42
skeleton_folly_spsc                256   10                522     9037504.85     9037504.85
skeleton_io_uring                    1   10                461     8885721.88     8885721.88
skeleton_io_uring                    2   10                486     8945272.12     8945272.12
skeleton_io_uring                    4   10                504     8976865.42     8976865.42
skeleton_io_uring                    8   10                512     8999968.74     8999968.74
skeleton_io_uring                   16   10                517     9008142.71     9008142.71
skeleton_io_uring                   32   10                518     9011162.93     9011162.93
skeleton_io_uring                   64   10                526     9016468.10     9016468.10
skeleton_io_uring                  128   10                521     9020200.28     9020200.28
skeleton_io_uring                  256   10                521     9020196.43     9020196.43
skeleton_kcov                        1   10                464     9967962.56     9967962.56
skeleton_kcov                        2   10                488     9968224.17     9968224.17
skeleton_kcov                        4   10                501     9965967.35     9965967.35
skeleton_kcov                        8   10                515     9965418.85     9965418.85
skeleton_kcov                       16   10                517     9968266.30     9968266.30
skeleton_kcov                       32   10                518     9967405.61     9967405.61
skeleton_kcov                       64   10                526     9968079.49     9968079.49
skeleton_kcov                      128   10                523     9966629.26     9966629.26
skeleton_kcov                      256   10                521     9973739.99     9973739.99
skeleton_msqueue                     1   10                  0           0.00           0.00
skeleton_msqueue                     2   10                  0           0.00           0.00
skeleton_msqueue                     4   10                  0           0.00           0.00
skeleton_msqueue                     8   10                  0           0.00           0.00
skeleton_msqueue                    16   10                  0           0.00           0.00
skeleton_msqueue                    32   10                  0           0.00           0.00
skeleton_msqueue                    64   10                  0           0.00           0.00
skeleton_msqueue                   128   10                  0           0.00           0.00
skeleton_msqueue                   256   10                  0           0.00           0.00
skeleton_vyukhov                     1   10                460     8864633.50     8864633.50
skeleton_vyukhov                     2   10                485     8923227.69     8923227.69
skeleton_vyukhov                     4   10                505     8954550.31     8954550.31
skeleton_vyukhov                     8   10                514     8976118.16     8976118.16
skeleton_vyukhov                    16   10                519     8982140.83     8982140.83
skeleton_vyukhov                    32   10                516     8993404.96     8993404.96
skeleton_vyukhov                    64   10                521     8993650.45     8993650.45
skeleton_vyukhov                   128   10                518     8996449.24     8996449.24
skeleton_vyukhov                   256   10                519     8996825.85     8996825.85
============================================================================================

