========================================================================
  BPF Arena Data Structures - Benchmark Suite
========================================================================
  Executables : skeleton_msqueue, skeleton_vyukhov, skeleton_folly_spsc, skeleton_ck_fifo_spsc, skeleton_ck_ring_spsc, skeleton_ck_stack_upmc, skeleton_io_uring, skeleton_kcov
  Batch sizes : [1, 2, 4, 8, 16, 32, 64, 128, 256]
  Runs/config : 10
  Duration(s) : 10 (skeleton programs)
  CPU count   : 4
========================================================================

  [1/720] skeleton_msqueue  batch=1  run=1/10
  [6/720] skeleton_msqueue  batch=1  run=6/10
  skeleton_msqueue  batch=  1  median_tput=           0 msg/s  p50=0.0us  p99=0.0us
  [11/720] skeleton_msqueue  batch=2  run=1/10
  [16/720] skeleton_msqueue  batch=2  run=6/10
  skeleton_msqueue  batch=  2  median_tput=           0 msg/s  p50=0.0us  p99=0.0us
  [21/720] skeleton_msqueue  batch=4  run=1/10
  [26/720] skeleton_msqueue  batch=4  run=6/10
  skeleton_msqueue  batch=  4  median_tput=           0 msg/s  p50=0.0us  p99=0.0us
  [31/720] skeleton_msqueue  batch=8  run=1/10
  [36/720] skeleton_msqueue  batch=8  run=6/10
  skeleton_msqueue  batch=  8  median_tput=           0 msg/s  p50=0.0us  p99=0.0us
  [41/720] skeleton_msqueue  batch=16  run=1/10
  [46/720] skeleton_msqueue  batch=16  run=6/10
  skeleton_msqueue  batch= 16  median_tput=           0 msg/s  p50=0.0us  p99=0.0us
  [51/720] skeleton_msqueue  batch=32  run=1/10
  [56/720] skeleton_msqueue  batch=32  run=6/10
  skeleton_msqueue  batch= 32  median_tput=           0 msg/s  p50=0.0us  p99=0.0us
  [61/720] skeleton_msqueue  batch=64  run=1/10
  [66/720] skeleton_msqueue  batch=64  run=6/10
  skeleton_msqueue  batch= 64  median_tput=           0 msg/s  p50=0.0us  p99=0.0us
  [71/720] skeleton_msqueue  batch=128  run=1/10
  [76/720] skeleton_msqueue  batch=128  run=6/10
  skeleton_msqueue  batch=128  median_tput=           0 msg/s  p50=0.0us  p99=0.0us
  [81/720] skeleton_msqueue  batch=256  run=1/10
  [86/720] skeleton_msqueue  batch=256  run=6/10
  skeleton_msqueue  batch=256  median_tput=           0 msg/s  p50=0.0us  p99=0.0us
  [91/720] skeleton_vyukhov  batch=1  run=1/10
  [96/720] skeleton_vyukhov  batch=1  run=6/10
  skeleton_vyukhov  batch=  1  median_tput=         473 msg/s  p50=8899513.9us  p99=8899513.9us
  [101/720] skeleton_vyukhov  batch=2  run=1/10
  [106/720] skeleton_vyukhov  batch=2  run=6/10
  skeleton_vyukhov  batch=  2  median_tput=         500 msg/s  p50=8947366.7us  p99=8947366.7us
  [111/720] skeleton_vyukhov  batch=4  run=1/10
  [116/720] skeleton_vyukhov  batch=4  run=6/10
  skeleton_vyukhov  batch=  4  median_tput=         515 msg/s  p50=8978199.3us  p99=8978199.3us
  [121/720] skeleton_vyukhov  batch=8  run=1/10
  [126/720] skeleton_vyukhov  batch=8  run=6/10
  skeleton_vyukhov  batch=  8  median_tput=         524 msg/s  p50=8992959.3us  p99=8992959.3us
  [131/720] skeleton_vyukhov  batch=16  run=1/10
  [136/720] skeleton_vyukhov  batch=16  run=6/10
  skeleton_vyukhov  batch= 16  median_tput=         524 msg/s  p50=8992275.7us  p99=8992275.7us
  [141/720] skeleton_vyukhov  batch=32  run=1/10
  [146/720] skeleton_vyukhov  batch=32  run=6/10
  skeleton_vyukhov  batch= 32  median_tput=         528 msg/s  p50=9009578.9us  p99=9009578.9us
  [151/720] skeleton_vyukhov  batch=64  run=1/10
  [156/720] skeleton_vyukhov  batch=64  run=6/10
  skeleton_vyukhov  batch= 64  median_tput=         529 msg/s  p50=9010308.6us  p99=9010308.6us
  [161/720] skeleton_vyukhov  batch=128  run=1/10
  [166/720] skeleton_vyukhov  batch=128  run=6/10
  skeleton_vyukhov  batch=128  median_tput=         536 msg/s  p50=9028756.5us  p99=9028756.5us
  [171/720] skeleton_vyukhov  batch=256  run=1/10
  [176/720] skeleton_vyukhov  batch=256  run=6/10
  skeleton_vyukhov  batch=256  median_tput=         536 msg/s  p50=9025978.8us  p99=9025978.8us
  [181/720] skeleton_folly_spsc  batch=1  run=1/10
  [186/720] skeleton_folly_spsc  batch=1  run=6/10
  skeleton_folly_spsc  batch=  1  median_tput=         478 msg/s  p50=8922301.5us  p99=8922301.5us
  [191/720] skeleton_folly_spsc  batch=2  run=1/10
  [196/720] skeleton_folly_spsc  batch=2  run=6/10
  skeleton_folly_spsc  batch=  2  median_tput=         503 msg/s  p50=8972675.6us  p99=8972675.6us
  [201/720] skeleton_folly_spsc  batch=4  run=1/10
  [206/720] skeleton_folly_spsc  batch=4  run=6/10
  skeleton_folly_spsc  batch=  4  median_tput=         517 msg/s  p50=8999805.2us  p99=8999805.2us
  [211/720] skeleton_folly_spsc  batch=8  run=1/10
  [216/720] skeleton_folly_spsc  batch=8  run=6/10
  skeleton_folly_spsc  batch=  8  median_tput=         523 msg/s  p50=9015886.5us  p99=9015886.5us
  [221/720] skeleton_folly_spsc  batch=16  run=1/10
  [226/720] skeleton_folly_spsc  batch=16  run=6/10
  skeleton_folly_spsc  batch= 16  median_tput=         526 msg/s  p50=9026736.1us  p99=9026736.1us
  [231/720] skeleton_folly_spsc  batch=32  run=1/10
  [236/720] skeleton_folly_spsc  batch=32  run=6/10
  skeleton_folly_spsc  batch= 32  median_tput=         534 msg/s  p50=9042633.6us  p99=9042633.6us
  [241/720] skeleton_folly_spsc  batch=64  run=1/10
  [246/720] skeleton_folly_spsc  batch=64  run=6/10
  skeleton_folly_spsc  batch= 64  median_tput=         529 msg/s  p50=9031907.8us  p99=9031907.8us
  [251/720] skeleton_folly_spsc  batch=128  run=1/10
  [256/720] skeleton_folly_spsc  batch=128  run=6/10
  skeleton_folly_spsc  batch=128  median_tput=         538 msg/s  p50=9051544.3us  p99=9051544.3us
  [261/720] skeleton_folly_spsc  batch=256  run=1/10
  [266/720] skeleton_folly_spsc  batch=256  run=6/10
  skeleton_folly_spsc  batch=256  median_tput=         538 msg/s  p50=9045038.8us  p99=9045038.8us
  [271/720] skeleton_ck_fifo_spsc  batch=1  run=1/10
  [276/720] skeleton_ck_fifo_spsc  batch=1  run=6/10
  skeleton_ck_fifo_spsc  batch=  1  median_tput=           0 msg/s  p50=0.0us  p99=0.0us
  [281/720] skeleton_ck_fifo_spsc  batch=2  run=1/10
  [286/720] skeleton_ck_fifo_spsc  batch=2  run=6/10
  skeleton_ck_fifo_spsc  batch=  2  median_tput=           0 msg/s  p50=0.0us  p99=0.0us
  [291/720] skeleton_ck_fifo_spsc  batch=4  run=1/10
  [296/720] skeleton_ck_fifo_spsc  batch=4  run=6/10
  skeleton_ck_fifo_spsc  batch=  4  median_tput=           0 msg/s  p50=0.0us  p99=0.0us
  [301/720] skeleton_ck_fifo_spsc  batch=8  run=1/10
  [306/720] skeleton_ck_fifo_spsc  batch=8  run=6/10
  skeleton_ck_fifo_spsc  batch=  8  median_tput=         520 msg/s  p50=7168828.3us  p99=7168828.3us
  [311/720] skeleton_ck_fifo_spsc  batch=16  run=1/10
  [316/720] skeleton_ck_fifo_spsc  batch=16  run=6/10
  skeleton_ck_fifo_spsc  batch= 16  median_tput=           0 msg/s  p50=0.0us  p99=0.0us
  [321/720] skeleton_ck_fifo_spsc  batch=32  run=1/10
  [326/720] skeleton_ck_fifo_spsc  batch=32  run=6/10
  skeleton_ck_fifo_spsc  batch= 32  median_tput=           0 msg/s  p50=0.0us  p99=0.0us
  [331/720] skeleton_ck_fifo_spsc  batch=64  run=1/10
  [336/720] skeleton_ck_fifo_spsc  batch=64  run=6/10
  skeleton_ck_fifo_spsc  batch= 64  median_tput=         526 msg/s  p50=6034.7us  p99=6034.7us
  [341/720] skeleton_ck_fifo_spsc  batch=128  run=1/10
  [346/720] skeleton_ck_fifo_spsc  batch=128  run=6/10
  skeleton_ck_fifo_spsc  batch=128  median_tput=           0 msg/s  p50=0.0us  p99=0.0us
  [351/720] skeleton_ck_fifo_spsc  batch=256  run=1/10
  [356/720] skeleton_ck_fifo_spsc  batch=256  run=6/10
  skeleton_ck_fifo_spsc  batch=256  median_tput=         539 msg/s  p50=6055.9us  p99=6055.9us
  [361/720] skeleton_ck_ring_spsc  batch=1  run=1/10
  [366/720] skeleton_ck_ring_spsc  batch=1  run=6/10
  skeleton_ck_ring_spsc  batch=  1  median_tput=         474 msg/s  p50=8921518.4us  p99=8921518.4us
  [371/720] skeleton_ck_ring_spsc  batch=2  run=1/10
  [376/720] skeleton_ck_ring_spsc  batch=2  run=6/10
  skeleton_ck_ring_spsc  batch=  2  median_tput=         500 msg/s  p50=8971108.7us  p99=8971108.7us
  [381/720] skeleton_ck_ring_spsc  batch=4  run=1/10
  [386/720] skeleton_ck_ring_spsc  batch=4  run=6/10
  skeleton_ck_ring_spsc  batch=  4  median_tput=         512 msg/s  p50=8999091.7us  p99=8999091.7us
  [391/720] skeleton_ck_ring_spsc  batch=8  run=1/10
  [396/720] skeleton_ck_ring_spsc  batch=8  run=6/10
  skeleton_ck_ring_spsc  batch=  8  median_tput=         522 msg/s  p50=9017316.6us  p99=9017316.6us
  [401/720] skeleton_ck_ring_spsc  batch=16  run=1/10
  [406/720] skeleton_ck_ring_spsc  batch=16  run=6/10
  skeleton_ck_ring_spsc  batch= 16  median_tput=         527 msg/s  p50=9027515.1us  p99=9027515.1us
  [411/720] skeleton_ck_ring_spsc  batch=32  run=1/10
  [416/720] skeleton_ck_ring_spsc  batch=32  run=6/10
  skeleton_ck_ring_spsc  batch= 32  median_tput=         528 msg/s  p50=9030584.8us  p99=9030584.8us
  [421/720] skeleton_ck_ring_spsc  batch=64  run=1/10
  [426/720] skeleton_ck_ring_spsc  batch=64  run=6/10
  skeleton_ck_ring_spsc  batch= 64  median_tput=         529 msg/s  p50=9032505.5us  p99=9032505.5us
  [431/720] skeleton_ck_ring_spsc  batch=128  run=1/10
  [436/720] skeleton_ck_ring_spsc  batch=128  run=6/10
  skeleton_ck_ring_spsc  batch=128  median_tput=         539 msg/s  p50=9050584.4us  p99=9050584.4us
  [441/720] skeleton_ck_ring_spsc  batch=256  run=1/10
  [446/720] skeleton_ck_ring_spsc  batch=256  run=6/10
  skeleton_ck_ring_spsc  batch=256  median_tput=         538 msg/s  p50=9032127.2us  p99=9032127.2us
  [451/720] skeleton_ck_stack_upmc  batch=1  run=1/10
  [456/720] skeleton_ck_stack_upmc  batch=1  run=6/10
  skeleton_ck_stack_upmc  batch=  1  median_tput=         477 msg/s  p50=9976103.4us  p99=9976103.4us
  [461/720] skeleton_ck_stack_upmc  batch=2  run=1/10
  [466/720] skeleton_ck_stack_upmc  batch=2  run=6/10
  skeleton_ck_stack_upmc  batch=  2  median_tput=         498 msg/s  p50=9972165.2us  p99=9972165.2us
  [471/720] skeleton_ck_stack_upmc  batch=4  run=1/10
  [476/720] skeleton_ck_stack_upmc  batch=4  run=6/10
  skeleton_ck_stack_upmc  batch=  4  median_tput=         512 msg/s  p50=9974713.9us  p99=9974713.9us
  [481/720] skeleton_ck_stack_upmc  batch=8  run=1/10
  [486/720] skeleton_ck_stack_upmc  batch=8  run=6/10
  skeleton_ck_stack_upmc  batch=  8  median_tput=         522 msg/s  p50=955068300951.7us  p99=955068300951.7us
  [491/720] skeleton_ck_stack_upmc  batch=16  run=1/10
  [496/720] skeleton_ck_stack_upmc  batch=16  run=6/10
  skeleton_ck_stack_upmc  batch= 16  median_tput=         525 msg/s  p50=955172294599.1us  p99=955172294599.1us
  [501/720] skeleton_ck_stack_upmc  batch=32  run=1/10
  [506/720] skeleton_ck_stack_upmc  batch=32  run=6/10
  skeleton_ck_stack_upmc  batch= 32  median_tput=         527 msg/s  p50=955276219140.8us  p99=955276219140.8us
  [511/720] skeleton_ck_stack_upmc  batch=64  run=1/10
  [516/720] skeleton_ck_stack_upmc  batch=64  run=6/10
  skeleton_ck_stack_upmc  batch= 64  median_tput=         528 msg/s  p50=955380502856.3us  p99=955380502856.3us
  [521/720] skeleton_ck_stack_upmc  batch=128  run=1/10
  [526/720] skeleton_ck_stack_upmc  batch=128  run=6/10
  skeleton_ck_stack_upmc  batch=128  median_tput=         538 msg/s  p50=955485260604.3us  p99=955485260604.3us
  [531/720] skeleton_ck_stack_upmc  batch=256  run=1/10
  [536/720] skeleton_ck_stack_upmc  batch=256  run=6/10
  skeleton_ck_stack_upmc  batch=256  median_tput=         536 msg/s  p50=955590244921.0us  p99=955590244921.0us
  [541/720] skeleton_io_uring  batch=1  run=1/10
  [546/720] skeleton_io_uring  batch=1  run=6/10
  skeleton_io_uring  batch=  1  median_tput=         473 msg/s  p50=8914141.0us  p99=8914141.0us
  [551/720] skeleton_io_uring  batch=2  run=1/10
  [556/720] skeleton_io_uring  batch=2  run=6/10
  skeleton_io_uring  batch=  2  median_tput=         481 msg/s  p50=8963336.4us  p99=8963336.4us
  [561/720] skeleton_io_uring  batch=4  run=1/10
  [566/720] skeleton_io_uring  batch=4  run=6/10
  skeleton_io_uring  batch=  4  median_tput=         476 msg/s  p50=8927763.2us  p99=8927763.2us
  [571/720] skeleton_io_uring  batch=8  run=1/10
  [576/720] skeleton_io_uring  batch=8  run=6/10
  skeleton_io_uring  batch=  8  median_tput=         461 msg/s  p50=8879047.3us  p99=8879047.3us
  [581/720] skeleton_io_uring  batch=16  run=1/10
  [586/720] skeleton_io_uring  batch=16  run=6/10
  skeleton_io_uring  batch= 16  median_tput=         484 msg/s  p50=8936765.2us  p99=8936765.2us
  [591/720] skeleton_io_uring  batch=32  run=1/10
  [596/720] skeleton_io_uring  batch=32  run=6/10
  skeleton_io_uring  batch= 32  median_tput=         493 msg/s  p50=8962713.1us  p99=8962713.1us
  [601/720] skeleton_io_uring  batch=64  run=1/10
  [606/720] skeleton_io_uring  batch=64  run=6/10
  skeleton_io_uring  batch= 64  median_tput=         491 msg/s  p50=8953166.5us  p99=8953166.5us
  [611/720] skeleton_io_uring  batch=128  run=1/10
  [616/720] skeleton_io_uring  batch=128  run=6/10
  skeleton_io_uring  batch=128  median_tput=         491 msg/s  p50=8963266.2us  p99=8963266.2us
  [621/720] skeleton_io_uring  batch=256  run=1/10
  [626/720] skeleton_io_uring  batch=256  run=6/10
  skeleton_io_uring  batch=256  median_tput=         498 msg/s  p50=8953873.8us  p99=8953873.8us
  [631/720] skeleton_kcov  batch=1  run=1/10
  [636/720] skeleton_kcov  batch=1  run=6/10
  skeleton_kcov  batch=  1  median_tput=         409 msg/s  p50=9967292.4us  p99=9967292.4us
  [641/720] skeleton_kcov  batch=2  run=1/10
  [646/720] skeleton_kcov  batch=2  run=6/10
  skeleton_kcov  batch=  2  median_tput=         502 msg/s  p50=9968217.0us  p99=9968217.0us
  [651/720] skeleton_kcov  batch=4  run=1/10
  [656/720] skeleton_kcov  batch=4  run=6/10
  skeleton_kcov  batch=  4  median_tput=         514 msg/s  p50=9967788.0us  p99=9967788.0us
  [661/720] skeleton_kcov  batch=8  run=1/10
  [666/720] skeleton_kcov  batch=8  run=6/10
  skeleton_kcov  batch=  8  median_tput=         525 msg/s  p50=9971339.3us  p99=9971339.3us
  [671/720] skeleton_kcov  batch=16  run=1/10
  [676/720] skeleton_kcov  batch=16  run=6/10
  skeleton_kcov  batch= 16  median_tput=         526 msg/s  p50=9971931.6us  p99=9971931.6us
  [681/720] skeleton_kcov  batch=32  run=1/10
  [686/720] skeleton_kcov  batch=32  run=6/10
  skeleton_kcov  batch= 32  median_tput=         529 msg/s  p50=9969624.1us  p99=9969624.1us
  [691/720] skeleton_kcov  batch=64  run=1/10
  [696/720] skeleton_kcov  batch=64  run=6/10
  skeleton_kcov  batch= 64  median_tput=         529 msg/s  p50=9970291.0us  p99=9970291.0us
  [701/720] skeleton_kcov  batch=128  run=1/10
  [706/720] skeleton_kcov  batch=128  run=6/10
  skeleton_kcov  batch=128  median_tput=         539 msg/s  p50=9972038.6us  p99=9972038.6us
  [711/720] skeleton_kcov  batch=256  run=1/10
  [716/720] skeleton_kcov  batch=256  run=6/10
  skeleton_kcov  batch=256  median_tput=         538 msg/s  p50=9971303.3us  p99=9971303.3us

============================================================================================
              BENCHMARK RESULTS
============================================================================================
Executable                       Batch Runs   Med Tput (msg/s)   Med p50 (us)   Med p99 (us)
--------------------------------------------------------------------------------------------
skeleton_ck_fifo_spsc                1   10                  0           0.00           0.00
skeleton_ck_fifo_spsc                2   10                  0           0.00           0.00
skeleton_ck_fifo_spsc                4   10                  0           0.00           0.00
skeleton_ck_fifo_spsc                8   10                520     7168828.28     7168828.28
skeleton_ck_fifo_spsc               16   10                  0           0.00           0.00
skeleton_ck_fifo_spsc               32   10                  0           0.00           0.00
skeleton_ck_fifo_spsc               64   10                526        6034.71        6034.71
skeleton_ck_fifo_spsc              128   10                  0           0.00           0.00
skeleton_ck_fifo_spsc              256   10                539        6055.91        6055.91
skeleton_ck_ring_spsc                1   10                474     8921518.38     8921518.38
skeleton_ck_ring_spsc                2   10                500     8971108.69     8971108.69
skeleton_ck_ring_spsc                4   10                512     8999091.72     8999091.72
skeleton_ck_ring_spsc                8   10                522     9017316.55     9017316.55
skeleton_ck_ring_spsc               16   10                527     9027515.05     9027515.05
skeleton_ck_ring_spsc               32   10                528     9030584.78     9030584.78
skeleton_ck_ring_spsc               64   10                529     9032505.55     9032505.55
skeleton_ck_ring_spsc              128   10                539     9050584.40     9050584.40
skeleton_ck_ring_spsc              256   10                538     9032127.25     9032127.25
skeleton_ck_stack_upmc               1   10                477     9976103.42     9976103.42
skeleton_ck_stack_upmc               2   10                498     9972165.22     9972165.22
skeleton_ck_stack_upmc               4   10                512     9974713.89     9974713.89
skeleton_ck_stack_upmc               8   10                522 955068300951.68 955068300951.68
skeleton_ck_stack_upmc              16   10                525 955172294599.09 955172294599.09
skeleton_ck_stack_upmc              32   10                527 955276219140.79 955276219140.79
skeleton_ck_stack_upmc              64   10                528 955380502856.26 955380502856.26
skeleton_ck_stack_upmc             128   10                538 955485260604.28 955485260604.28
skeleton_ck_stack_upmc             256   10                536 955590244921.05 955590244921.05
skeleton_folly_spsc                  1   10                478     8922301.48     8922301.48
skeleton_folly_spsc                  2   10                503     8972675.61     8972675.61
skeleton_folly_spsc                  4   10                517     8999805.18     8999805.18
skeleton_folly_spsc                  8   10                523     9015886.45     9015886.45
skeleton_folly_spsc                 16   10                526     9026736.11     9026736.11
skeleton_folly_spsc                 32   10                534     9042633.60     9042633.60
skeleton_folly_spsc                 64   10                529     9031907.85     9031907.85
skeleton_folly_spsc                128   10                538     9051544.35     9051544.35
skeleton_folly_spsc                256   10                538     9045038.81     9045038.81
skeleton_io_uring                    1   10                473     8914140.99     8914140.99
skeleton_io_uring                    2   10                481     8963336.44     8963336.44
skeleton_io_uring                    4   10                476     8927763.18     8927763.18
skeleton_io_uring                    8   10                461     8879047.31     8879047.31
skeleton_io_uring                   16   10                484     8936765.17     8936765.17
skeleton_io_uring                   32   10                493     8962713.09     8962713.09
skeleton_io_uring                   64   10                491     8953166.48     8953166.48
skeleton_io_uring                  128   10                491     8963266.18     8963266.18
skeleton_io_uring                  256   10                498     8953873.85     8953873.85
skeleton_kcov                        1   10                409     9967292.40     9967292.40
skeleton_kcov                        2   10                502     9968217.05     9968217.05
skeleton_kcov                        4   10                514     9967788.05     9967788.05
skeleton_kcov                        8   10                525     9971339.28     9971339.28
skeleton_kcov                       16   10                526     9971931.58     9971931.58
skeleton_kcov                       32   10                529     9969624.06     9969624.06
skeleton_kcov                       64   10                529     9970291.00     9970291.00
skeleton_kcov                      128   10                539     9972038.64     9972038.64
skeleton_kcov                      256   10                538     9971303.28     9971303.28
skeleton_msqueue                     1   10                  0           0.00           0.00
skeleton_msqueue                     2   10                  0           0.00           0.00
skeleton_msqueue                     4   10                  0           0.00           0.00
skeleton_msqueue                     8   10                  0           0.00           0.00
skeleton_msqueue                    16   10                  0           0.00           0.00
skeleton_msqueue                    32   10                  0           0.00           0.00
skeleton_msqueue                    64   10                  0           0.00           0.00
skeleton_msqueue                   128   10                  0           0.00           0.00
skeleton_msqueue                   256   10                  0           0.00           0.00
skeleton_vyukhov                     1   10                473     8899513.89     8899513.89
skeleton_vyukhov                     2   10                500     8947366.74     8947366.74
skeleton_vyukhov                     4   10                515     8978199.26     8978199.26
skeleton_vyukhov                     8   10                524     8992959.33     8992959.33
skeleton_vyukhov                    16   10                524     8992275.72     8992275.72
skeleton_vyukhov                    32   10                528     9009578.91     9009578.91
skeleton_vyukhov                    64   10                529     9010308.61     9010308.61
skeleton_vyukhov                   128   10                536     9028756.52     9028756.52
skeleton_vyukhov                   256   10                536     9025978.78     9025978.78
============================================================================================

